******************************************************************************
                  TI ARM Linker PC v20.2.7                     
******************************************************************************
>> Linked Tue Nov 14 17:34:34 2023

OUTPUT FILE NAME:   <ED2_Proyecto_3.out>
ENTRY POINT SYMBOL: "_c_int00_noargs"  address: 000026a5


MEMORY CONFIGURATION

         name            origin    length      used     unused   attr    fill
----------------------  --------  ---------  --------  --------  ----  --------
  FLASH                 00000000   00040000  00002b32  0003d4ce  R  X
  SRAM                  20000000   00008000  0000020d  00007df3  RW X


SEGMENT ALLOCATION MAP

run origin  load origin   length   init length attrs members
----------  ----------- ---------- ----------- ----- -------
00000000    00000000    00002b38   00002b38    r-x
  00000000    00000000    0000026c   0000026c    r-- .intvecs
  0000026c    0000026c    00002696   00002696    r-x .text
  00002904    00002904    00000200   00000200    r-- .const
  00002b08    00002b08    00000030   00000030    r-- .cinit
20000000    20000000    00000210   00000000    rw-
  20000000    20000000    00000200   00000000    rw- .stack
  20000200    20000200    00000009   00000000    rw- .bss
  2000020c    2000020c    00000004   00000000    rw- .data


SECTION ALLOCATION MAP

 output                                  attributes/
section   page    origin      length       input sections
--------  ----  ----------  ----------   ----------------
.intvecs   0    00000000    0000026c     
                  00000000    0000026c     tm4c123gh6pm_startup_ccs.obj (.intvecs)

.text      0    0000026c    00002696     
                  0000026c    00000a4e     rtsv7M4_T_le_v4SPD16_eabi.lib : _printfi.c.obj (.text:__TI_printfi)
                  00000cba    00000002                                   : div0.asm.obj (.text)
                  00000cbc    00000324     main.obj (.text)
                  00000fe0    00000270     rtsv7M4_T_le_v4SPD16_eabi.lib : _printfi.c.obj (.text:_pconv_a)
                  00001250    000001d0                                   : _printfi.c.obj (.text:_pconv_g)
                  00001420    000001b6                                   : fd_add_t2.asm.obj (.text)
                  000015d6    00000002     --HOLE-- [fill = 0]
                  000015d8    0000013c                                   : _printfi.c.obj (.text:_pconv_e)
                  00001714    00000136                                   : fd_div_t2.asm.obj (.text)
                  0000184a    00000132     driverlib.lib : gpio.obj (.text:GPIOPadConfigSet)
                  0000197c    00000124     rtsv7M4_T_le_v4SPD16_eabi.lib : _printfi.c.obj (.text:fcvt)
                  00001aa0    00000110     driverlib.lib : sysctl.obj (.text:SysCtlClockGet)
                  00001bb0    00000110     rtsv7M4_T_le_v4SPD16_eabi.lib : s_scalbn.c.obj (.text:scalbn)
                  00001cc0    000000fc                                   : fd_mul_t2.asm.obj (.text)
                  00001dbc    000000f4     driverlib.lib : sysctl.obj (.text:SysCtlClockSet)
                  00001eb0    000000b1     rtsv7M4_T_le_v4SPD16_eabi.lib : _printfi.c.obj (.text:_ltostr)
                  00001f61    00000001     --HOLE-- [fill = 0]
                  00001f62    0000009c                                   : memcpy_t2.asm.obj (.text)
                  00001ffe    00000096                                   : ull_div_t2.asm.obj (.text)
                  00002094    00000086                                   : fd_cmp_t2.asm.obj (.text:__aeabi_cdcmple)
                  0000211a    00000086                                   : fd_cmp_t2.asm.obj (.text:__aeabi_cdrcmple)
                  000021a0    0000007a                                   : memset_t2.asm.obj (.text)
                  0000221a    0000006e                                   : _printfi.c.obj (.text:_mcpy)
                  00002288    00000068                                   : copy_decompress_lzss.c.obj (.text:decompress:lzss:__TI_decompress_lzss)
                  000022f0    00000064                                   : s_frexp.c.obj (.text:frexp)
                  00002354    00000056                                   : _printfi.c.obj (.text:_pconv_f)
                  000023aa    00000054                                   : _ltoa.c.obj (.text:__TI_ltoa)
                  000023fe    00000052                                   : _printfi.c.obj (.text:_ecpy)
                  00002450    0000004c                                   : atoi.c.obj (.text:atoi)
                  0000249c    00000048     driverlib.lib : gpio.obj (.text:GPIOPinConfigure)
                  000024e4    00000048     rtsv7M4_T_le_v4SPD16_eabi.lib : fd_toi_t2.asm.obj (.text)
                  0000252c    00000046     driverlib.lib : uart.obj (.text:UARTConfigSetExpClk)
                  00002572    00000002     --HOLE-- [fill = 0]
                  00002574    00000044     rtsv7M4_T_le_v4SPD16_eabi.lib : autoinit.c.obj (.text:__TI_auto_init_nobinit_nopinit:__TI_auto_init_nobinit_nopinit)
                  000025b8    00000040                                   : sprintf.c.obj (.text:sprintf)
                  000025f8    0000003e                                   : _printfi.c.obj (.text:_fcpy)
                  00002636    00000002     --HOLE-- [fill = 0]
                  00002638    00000038     driverlib.lib : sysctl.obj (.text:SysCtlPeripheralReady)
                  00002670    00000034                   : sysctl.obj (.text:SysCtlPeripheralEnable)
                  000026a4    00000034     rtsv7M4_T_le_v4SPD16_eabi.lib : boot_cortex_m.c.obj (.text:_c_int00_noargs:_c_int00_noargs)
                  000026d8    0000002e                                   : i_tofd_t2.asm.obj (.text)
                  00002706    0000002a     driverlib.lib : gpio.obj (.text:GPIODirModeSet)
                  00002730    00000020                   : uart.obj (.text:UARTDisable)
                  00002750    0000001c     rtsv7M4_T_le_v4SPD16_eabi.lib : copy_zero_init.c.obj (.text:decompress:ZI:__TI_zero_init_nomemset:__TI_zero_init_nomemset)
                  0000276c    0000001c                                   : memccpy.c.obj (.text:memccpy)
                  00002788    0000001a                                   : s_copysign.c.obj (.text:copysign)
                  000027a2    00000018     driverlib.lib : gpio.obj (.text:GPIOPinTypeGPIOOutput)
                  000027ba    00000018     rtsv7M4_T_le_v4SPD16_eabi.lib : sprintf.c.obj (.text:_outs)
                  000027d2    00000016                                   : strchr.c.obj (.text:strchr)
                  000027e8    00000014     driverlib.lib : systick.obj (.text:SysTickDisable)
                  000027fc    00000014                   : systick.obj (.text:SysTickEnable)
                  00002810    00000014                   : uart.obj (.text:UARTEnable)
                  00002824    00000014     rtsv7M4_T_le_v4SPD16_eabi.lib : strlen.c.obj (.text:strlen)
                  00002838    00000012     driverlib.lib : gpio.obj (.text:GPIOPinTypeGPIOInput)
                  0000284a    00000012                   : gpio.obj (.text:GPIOPinTypeUART)
                  0000285c    00000012     rtsv7M4_T_le_v4SPD16_eabi.lib : wcslen.c.obj (.text:wcslen)
                  0000286e    00000010     driverlib.lib : interrupt.obj (.text:IntMasterEnable)
                  0000287e    00000002     --HOLE-- [fill = 0]
                  00002880    00000010                   : systick.obj (.text:SysTickPeriodSet)
                  00002890    0000000e                   : uart.obj (.text:UARTCharPutNonBlocking)
                  0000289e    0000000e                   : uart.obj (.text:UARTCharsAvail)
                  000028ac    0000000e     rtsv7M4_T_le_v4SPD16_eabi.lib : copy_decompress_none.c.obj (.text:decompress:none:__TI_decompress_none)
                  000028ba    0000000c     driverlib.lib : cpu.obj (.text:CPUcpsie)
                  000028c6    0000000c     tm4c123gh6pm_startup_ccs.obj (.text)
                  000028d2    0000000a     rtsv7M4_T_le_v4SPD16_eabi.lib : sprintf.c.obj (.text:_outc)
                  000028dc    00000008                                   : errno.c.obj (.text:__aeabi_errno_addr)
                  000028e4    00000006     driverlib.lib : gpio.obj (.text:GPIOPinRead)
                  000028ea    00000006                   : gpio.obj (.text:GPIOPinWrite)
                  000028f0    00000006                   : sysctl.obj (.text:SysCtlDelay)
                  000028f6    00000004                   : uart.obj (.text:UARTIntClear)
                  000028fa    00000004     rtsv7M4_T_le_v4SPD16_eabi.lib : pre_init.c.obj (.text:_system_pre_init)
                  000028fe    00000004                                   : exit.c.obj (.text:abort:abort)

.const     0    00002904    00000200     
                  00002904    00000101     rtsv7M4_T_le_v4SPD16_eabi.lib : ctype.c.obj (.const:.string:_ctypes_)
                  00002a05    00000003     --HOLE-- [fill = 0]
                  00002a08    00000090     driverlib.lib : gpio.obj (.const:g_pui32GPIOBaseAddrs)
                  00002a98    0000006c                   : sysctl.obj (.const:g_pui32Xtals)

.cinit     0    00002b08    00000030     
                  00002b08    0000000c     (__TI_handler_table)
                  00002b14    00000004     --HOLE-- [fill = 0]
                  00002b18    00000008     (.cinit..bss.load) [load image, compression = zero_init]
                  00002b20    00000007     (.cinit..data.load) [load image, compression = lzss]
                  00002b27    00000001     --HOLE-- [fill = 0]
                  00002b28    00000010     (__TI_cinit_table)

.init_array 
*          0    00000000    00000000     UNINITIALIZED

.bss       0    20000200    00000009     UNINITIALIZED
                  20000200    00000004     (.common:i)
                  20000204    00000001     (.common:available)
                  20000205    00000001     (.common:spot1)
                  20000206    00000001     (.common:spot2)
                  20000207    00000001     (.common:spot3)
                  20000208    00000001     (.common:spot4)

.data      0    2000020c    00000004     UNINITIALIZED
                  2000020c    00000004     rtsv7M4_T_le_v4SPD16_eabi.lib : errno.c.obj (.data)

.stack     0    20000000    00000200     UNINITIALIZED
                  20000000    00000004     rtsv7M4_T_le_v4SPD16_eabi.lib : boot_cortex_m.c.obj (.stack)
                  20000004    000001fc     --HOLE--

__llvm_prf_cnts 
*          0    20000000    00000000     UNINITIALIZED

MODULE SUMMARY

       Module                         code   ro data   rw data
       ------                         ----   -------   -------
    .\
       main.obj                       804    0         9      
       tm4c123gh6pm_startup_ccs.obj   12     620       0      
    +--+------------------------------+------+---------+---------+
       Total:                         816    620       9      
                                                              
    C:/ti/TivaWare_C_Series-2.1.4.178/driverlib/ccs/Debug/driverlib.lib
       sysctl.obj                     630    108       0      
       gpio.obj                       492    144       0      
       uart.obj                       154    0         0      
       systick.obj                    56     0         0      
       interrupt.obj                  16     0         0      
       cpu.obj                        12     0         0      
    +--+------------------------------+------+---------+---------+
       Total:                         1360   252       0      
                                                              
    C:\ti\ccs1250\ccs\tools\compiler\ti-cgt-arm_20.2.7.LTS\lib\rtsv7M4_T_le_v4SPD16_eabi.lib
       _printfi.c.obj                 4851   0         0      
       fd_add_t2.asm.obj              438    0         0      
       fd_div_t2.asm.obj              310    0         0      
       s_scalbn.c.obj                 272    0         0      
       fd_cmp_t2.asm.obj              268    0         0      
       ctype.c.obj                    0      257       0      
       fd_mul_t2.asm.obj              252    0         0      
       memcpy_t2.asm.obj              156    0         0      
       ull_div_t2.asm.obj             150    0         0      
       memset_t2.asm.obj              122    0         0      
       copy_decompress_lzss.c.obj     104    0         0      
       s_frexp.c.obj                  100    0         0      
       sprintf.c.obj                  98     0         0      
       _ltoa.c.obj                    84     0         0      
       atoi.c.obj                     76     0         0      
       fd_toi_t2.asm.obj              72     0         0      
       autoinit.c.obj                 68     0         0      
       boot_cortex_m.c.obj            52     0         0      
       i_tofd_t2.asm.obj              46     0         0      
       copy_zero_init.c.obj           28     0         0      
       memccpy.c.obj                  28     0         0      
       s_copysign.c.obj               26     0         0      
       strchr.c.obj                   22     0         0      
       strlen.c.obj                   20     0         0      
       wcslen.c.obj                   18     0         0      
       copy_decompress_none.c.obj     14     0         0      
       errno.c.obj                    8      0         4      
       exit.c.obj                     4      0         0      
       pre_init.c.obj                 4      0         0      
       div0.asm.obj                   2      0         0      
    +--+------------------------------+------+---------+---------+
       Total:                         7693   257       4      
                                                              
       Stack:                         0      0         512    
       Linker Generated:              0      43        0      
    +--+------------------------------+------+---------+---------+
       Grand Total:                   9869   1172      525    


LINKER GENERATED COPY TABLES

__TI_cinit_table @ 00002b28 records: 2, size/record: 8, table size: 16
	.bss: load addr=00002b18, load size=00000008 bytes, run addr=20000200, run size=00000009 bytes, compression=zero_init
	.data: load addr=00002b20, load size=00000007 bytes, run addr=2000020c, run size=00000004 bytes, compression=lzss


LINKER GENERATED HANDLER TABLE

__TI_handler_table @ 00002b08 records: 3, size/record: 4, table size: 12
	index: 0, handler: __TI_decompress_lzss
	index: 1, handler: __TI_decompress_none
	index: 2, handler: __TI_zero_init


GLOBAL SYMBOLS: SORTED ALPHABETICALLY BY Name 

address   name                          
-------   ----                          
000028ff  C$$EXIT                       
000028bb  CPUcpsie                      
00002707  GPIODirModeSet                
0000184b  GPIOPadConfigSet              
0000249d  GPIOPinConfigure              
000028e5  GPIOPinRead                   
00002839  GPIOPinTypeGPIOInput          
000027a3  GPIOPinTypeGPIOOutput         
0000284b  GPIOPinTypeUART               
000028eb  GPIOPinWrite                  
0000286f  IntMasterEnable               
000028c7  ResetISR                      
00001aa1  SysCtlClockGet                
00001dbd  SysCtlClockSet                
000028f1  SysCtlDelay                   
00002671  SysCtlPeripheralEnable        
00002639  SysCtlPeripheralReady         
000027e9  SysTickDisable                
000027fd  SysTickEnable                 
00002881  SysTickPeriodSet              
00000edf  UART1IntHandler               
00000f25  UART1_SendInteger             
00000f01  UART1_SendString              
00002891  UARTCharPutNonBlocking        
0000289f  UARTCharsAvail                
0000252d  UARTConfigSetExpClk           
00002731  UARTDisable                   
00002811  UARTEnable                    
000028f7  UARTIntClear                  
20000200  __STACK_END                   
00000200  __STACK_SIZE                  
20000200  __STACK_TOP                   
00002b28  __TI_CINIT_Base               
00002b38  __TI_CINIT_Limit              
00002b08  __TI_Handler_Table_Base       
00002b14  __TI_Handler_Table_Limit      
00002575  __TI_auto_init_nobinit_nopinit
00002289  __TI_decompress_lzss          
000028ad  __TI_decompress_none          
000023ab  __TI_ltoa                     
ffffffff  __TI_pprof_out_hndl           
0000026d  __TI_printfi                  
ffffffff  __TI_prof_data_size           
ffffffff  __TI_prof_data_start          
00000000  __TI_static_base__            
00002751  __TI_zero_init_nomemset       
00002095  __aeabi_cdcmpeq               
00002095  __aeabi_cdcmple               
0000211b  __aeabi_cdrcmple              
000024e5  __aeabi_d2iz                  
0000142b  __aeabi_dadd                  
00001715  __aeabi_ddiv                  
00001cc1  __aeabi_dmul                  
00001421  __aeabi_dsub                  
000028dd  __aeabi_errno_addr            
000026d9  __aeabi_i2d                   
00000cbb  __aeabi_idiv0                 
00000cbb  __aeabi_ldiv0                 
000021a1  __aeabi_memclr                
000021a1  __aeabi_memclr4               
000021a1  __aeabi_memclr8               
00001f63  __aeabi_memcpy                
00001f63  __aeabi_memcpy4               
00001f63  __aeabi_memcpy8               
000021a3  __aeabi_memset                
000021a3  __aeabi_memset4               
000021a3  __aeabi_memset8               
00001fff  __aeabi_uldivmod              
ffffffff  __binit__                     
ffffffff  __c_args__                    
UNDEFED   __mpu_init                    
20000000  __stack                       
20000000  __start___llvm_prf_cnts       
20000000  __stop___llvm_prf_cnts        
000026a5  _c_int00_noargs               
00002904  _ctypes_                      
UNDEFED   _system_post_cinit            
000028fb  _system_pre_init              
000028ff  abort                         
00002451  atoi                          
20000204  available                     
ffffffff  binit                         
00002789  copysign                      
00002789  copysignl                     
00000f45  delay                         
00000f71  delay1ms                      
2000020c  errno                         
000022f1  frexp                         
000022f1  frexpl                        
00000000  g_pfnVectors                  
20000200  i                             
00001bb1  ldexp                         
00001bb1  ldexpl                        
00000cbd  main                          
0000276d  memccpy                       
00001f63  memcpy                        
000021a9  memset                        
00001bb1  scalbn                        
00001bb1  scalbnl                       
00000e21  setup                         
00000ea1  setupUART1                    
20000205  spot1                         
20000206  spot2                         
20000207  spot3                         
20000208  spot4                         
000025b9  sprintf                       
000027d3  strchr                        
00002825  strlen                        
0000285d  wcslen                        


GLOBAL SYMBOLS: SORTED BY Symbol Address 

address   name                          
-------   ----                          
00000000  __TI_static_base__            
00000000  g_pfnVectors                  
00000200  __STACK_SIZE                  
0000026d  __TI_printfi                  
00000cbb  __aeabi_idiv0                 
00000cbb  __aeabi_ldiv0                 
00000cbd  main                          
00000e21  setup                         
00000ea1  setupUART1                    
00000edf  UART1IntHandler               
00000f01  UART1_SendString              
00000f25  UART1_SendInteger             
00000f45  delay                         
00000f71  delay1ms                      
00001421  __aeabi_dsub                  
0000142b  __aeabi_dadd                  
00001715  __aeabi_ddiv                  
0000184b  GPIOPadConfigSet              
00001aa1  SysCtlClockGet                
00001bb1  ldexp                         
00001bb1  ldexpl                        
00001bb1  scalbn                        
00001bb1  scalbnl                       
00001cc1  __aeabi_dmul                  
00001dbd  SysCtlClockSet                
00001f63  __aeabi_memcpy                
00001f63  __aeabi_memcpy4               
00001f63  __aeabi_memcpy8               
00001f63  memcpy                        
00001fff  __aeabi_uldivmod              
00002095  __aeabi_cdcmpeq               
00002095  __aeabi_cdcmple               
0000211b  __aeabi_cdrcmple              
000021a1  __aeabi_memclr                
000021a1  __aeabi_memclr4               
000021a1  __aeabi_memclr8               
000021a3  __aeabi_memset                
000021a3  __aeabi_memset4               
000021a3  __aeabi_memset8               
000021a9  memset                        
00002289  __TI_decompress_lzss          
000022f1  frexp                         
000022f1  frexpl                        
000023ab  __TI_ltoa                     
00002451  atoi                          
0000249d  GPIOPinConfigure              
000024e5  __aeabi_d2iz                  
0000252d  UARTConfigSetExpClk           
00002575  __TI_auto_init_nobinit_nopinit
000025b9  sprintf                       
00002639  SysCtlPeripheralReady         
00002671  SysCtlPeripheralEnable        
000026a5  _c_int00_noargs               
000026d9  __aeabi_i2d                   
00002707  GPIODirModeSet                
00002731  UARTDisable                   
00002751  __TI_zero_init_nomemset       
0000276d  memccpy                       
00002789  copysign                      
00002789  copysignl                     
000027a3  GPIOPinTypeGPIOOutput         
000027d3  strchr                        
000027e9  SysTickDisable                
000027fd  SysTickEnable                 
00002811  UARTEnable                    
00002825  strlen                        
00002839  GPIOPinTypeGPIOInput          
0000284b  GPIOPinTypeUART               
0000285d  wcslen                        
0000286f  IntMasterEnable               
00002881  SysTickPeriodSet              
00002891  UARTCharPutNonBlocking        
0000289f  UARTCharsAvail                
000028ad  __TI_decompress_none          
000028bb  CPUcpsie                      
000028c7  ResetISR                      
000028dd  __aeabi_errno_addr            
000028e5  GPIOPinRead                   
000028eb  GPIOPinWrite                  
000028f1  SysCtlDelay                   
000028f7  UARTIntClear                  
000028fb  _system_pre_init              
000028ff  C$$EXIT                       
000028ff  abort                         
00002904  _ctypes_                      
00002b08  __TI_Handler_Table_Base       
00002b14  __TI_Handler_Table_Limit      
00002b28  __TI_CINIT_Base               
00002b38  __TI_CINIT_Limit              
20000000  __stack                       
20000000  __start___llvm_prf_cnts       
20000000  __stop___llvm_prf_cnts        
20000200  __STACK_END                   
20000200  __STACK_TOP                   
20000200  i                             
20000204  available                     
20000205  spot1                         
20000206  spot2                         
20000207  spot3                         
20000208  spot4                         
2000020c  errno                         
ffffffff  __TI_pprof_out_hndl           
ffffffff  __TI_prof_data_size           
ffffffff  __TI_prof_data_start          
ffffffff  __binit__                     
ffffffff  __c_args__                    
ffffffff  binit                         
UNDEFED   __mpu_init                    
UNDEFED   _system_post_cinit            

[109 symbols]
