******************************************************************************
                  TI ARM Linker PC v20.2.7                     
******************************************************************************
>> Linked Tue Nov  7 16:53:48 2023

OUTPUT FILE NAME:   <ED2_Proyecto_3.out>
ENTRY POINT SYMBOL: "_c_int00_noargs"  address: 00002755


MEMORY CONFIGURATION

         name            origin    length      used     unused   attr    fill
----------------------  --------  ---------  --------  --------  ----  --------
  FLASH                 00000000   00040000  00002bf2  0003d40e  R  X
  SRAM                  20000000   00008000  0000020d  00007df3  RW X


SEGMENT ALLOCATION MAP

run origin  load origin   length   init length attrs members
----------  ----------- ---------- ----------- ----- -------
00000000    00000000    00002bf8   00002bf8    r-x
  00000000    00000000    0000026c   0000026c    r-- .intvecs
  0000026c    0000026c    00002756   00002756    r-x .text
  000029c4    000029c4    00000200   00000200    r-- .const
  00002bc8    00002bc8    00000030   00000030    r-- .cinit
20000000    20000000    00000210   00000000    rw-
  20000000    20000000    00000200   00000000    rw- .stack
  20000200    20000200    00000009   00000000    rw- .bss
  2000020c    2000020c    00000004   00000000    rw- .data


SECTION ALLOCATION MAP

 output                                  attributes/
section   page    origin      length       input sections
--------  ----  ----------  ----------   ----------------
.intvecs   0    00000000    0000026c     
                  00000000    0000026c     tm4c123gh6pm_startup_ccs.obj (.intvecs)

.text      0    0000026c    00002756     
                  0000026c    00000a4e     rtsv7M4_T_le_v4SPD16_eabi.lib : _printfi.c.obj (.text:__TI_printfi)
                  00000cba    00000002                                   : div0.asm.obj (.text)
                  00000cbc    000003d4     main.obj (.text)
                  00001090    00000270     rtsv7M4_T_le_v4SPD16_eabi.lib : _printfi.c.obj (.text:_pconv_a)
                  00001300    000001d0                                   : _printfi.c.obj (.text:_pconv_g)
                  000014d0    000001b6                                   : fd_add_t2.asm.obj (.text)
                  00001686    00000002     --HOLE-- [fill = 0]
                  00001688    0000013c                                   : _printfi.c.obj (.text:_pconv_e)
                  000017c4    00000136                                   : fd_div_t2.asm.obj (.text)
                  000018fa    00000132     driverlib.lib : gpio.obj (.text:GPIOPadConfigSet)
                  00001a2c    00000124     rtsv7M4_T_le_v4SPD16_eabi.lib : _printfi.c.obj (.text:fcvt)
                  00001b50    00000110     driverlib.lib : sysctl.obj (.text:SysCtlClockGet)
                  00001c60    00000110     rtsv7M4_T_le_v4SPD16_eabi.lib : s_scalbn.c.obj (.text:scalbn)
                  00001d70    000000fc                                   : fd_mul_t2.asm.obj (.text)
                  00001e6c    000000f4     driverlib.lib : sysctl.obj (.text:SysCtlClockSet)
                  00001f60    000000b1     rtsv7M4_T_le_v4SPD16_eabi.lib : _printfi.c.obj (.text:_ltostr)
                  00002011    00000001     --HOLE-- [fill = 0]
                  00002012    0000009c                                   : memcpy_t2.asm.obj (.text)
                  000020ae    00000096                                   : ull_div_t2.asm.obj (.text)
                  00002144    00000086                                   : fd_cmp_t2.asm.obj (.text:__aeabi_cdcmple)
                  000021ca    00000086                                   : fd_cmp_t2.asm.obj (.text:__aeabi_cdrcmple)
                  00002250    0000007a                                   : memset_t2.asm.obj (.text)
                  000022ca    0000006e                                   : _printfi.c.obj (.text:_mcpy)
                  00002338    00000068                                   : copy_decompress_lzss.c.obj (.text:decompress:lzss:__TI_decompress_lzss)
                  000023a0    00000064                                   : s_frexp.c.obj (.text:frexp)
                  00002404    00000056                                   : _printfi.c.obj (.text:_pconv_f)
                  0000245a    00000054                                   : _ltoa.c.obj (.text:__TI_ltoa)
                  000024ae    00000052                                   : _printfi.c.obj (.text:_ecpy)
                  00002500    0000004c                                   : atoi.c.obj (.text:atoi)
                  0000254c    00000048     driverlib.lib : gpio.obj (.text:GPIOPinConfigure)
                  00002594    00000048     rtsv7M4_T_le_v4SPD16_eabi.lib : fd_toi_t2.asm.obj (.text)
                  000025dc    00000046     driverlib.lib : uart.obj (.text:UARTConfigSetExpClk)
                  00002622    00000002     --HOLE-- [fill = 0]
                  00002624    00000044     rtsv7M4_T_le_v4SPD16_eabi.lib : autoinit.c.obj (.text:__TI_auto_init_nobinit_nopinit:__TI_auto_init_nobinit_nopinit)
                  00002668    00000040                                   : sprintf.c.obj (.text:sprintf)
                  000026a8    0000003e                                   : _printfi.c.obj (.text:_fcpy)
                  000026e6    00000002     --HOLE-- [fill = 0]
                  000026e8    00000038     driverlib.lib : sysctl.obj (.text:SysCtlPeripheralReady)
                  00002720    00000034                   : sysctl.obj (.text:SysCtlPeripheralEnable)
                  00002754    00000034     rtsv7M4_T_le_v4SPD16_eabi.lib : boot_cortex_m.c.obj (.text:_c_int00_noargs:_c_int00_noargs)
                  00002788    0000002e                                   : i_tofd_t2.asm.obj (.text)
                  000027b6    0000002a     driverlib.lib : gpio.obj (.text:GPIODirModeSet)
                  000027e0    00000020                   : uart.obj (.text:UARTDisable)
                  00002800    0000001c     rtsv7M4_T_le_v4SPD16_eabi.lib : copy_zero_init.c.obj (.text:decompress:ZI:__TI_zero_init_nomemset:__TI_zero_init_nomemset)
                  0000281c    0000001c                                   : memccpy.c.obj (.text:memccpy)
                  00002838    0000001a                                   : s_copysign.c.obj (.text:copysign)
                  00002852    00000018     driverlib.lib : gpio.obj (.text:GPIOPinTypeGPIOOutput)
                  0000286a    00000018     rtsv7M4_T_le_v4SPD16_eabi.lib : sprintf.c.obj (.text:_outs)
                  00002882    00000016                                   : strchr.c.obj (.text:strchr)
                  00002898    00000014     driverlib.lib : systick.obj (.text:SysTickDisable)
                  000028ac    00000014                   : systick.obj (.text:SysTickEnable)
                  000028c0    00000014                   : uart.obj (.text:UARTEnable)
                  000028d4    00000014     rtsv7M4_T_le_v4SPD16_eabi.lib : strlen.c.obj (.text:strlen)
                  000028e8    00000012     driverlib.lib : gpio.obj (.text:GPIOPinTypeGPIOInput)
                  000028fa    00000012                   : gpio.obj (.text:GPIOPinTypeUART)
                  0000290c    00000012     rtsv7M4_T_le_v4SPD16_eabi.lib : wcslen.c.obj (.text:wcslen)
                  0000291e    00000010     driverlib.lib : interrupt.obj (.text:IntMasterEnable)
                  0000292e    00000002     --HOLE-- [fill = 0]
                  00002930    00000010                   : systick.obj (.text:SysTickPeriodSet)
                  00002940    0000000e                   : uart.obj (.text:UARTCharGetNonBlocking)
                  0000294e    0000000e                   : uart.obj (.text:UARTCharPutNonBlocking)
                  0000295c    0000000e                   : uart.obj (.text:UARTCharsAvail)
                  0000296a    0000000e     rtsv7M4_T_le_v4SPD16_eabi.lib : copy_decompress_none.c.obj (.text:decompress:none:__TI_decompress_none)
                  00002978    0000000c     driverlib.lib : cpu.obj (.text:CPUcpsie)
                  00002984    0000000c     tm4c123gh6pm_startup_ccs.obj (.text)
                  00002990    0000000a     rtsv7M4_T_le_v4SPD16_eabi.lib : sprintf.c.obj (.text:_outc)
                  0000299a    00000002     --HOLE-- [fill = 0]
                  0000299c    00000008                                   : errno.c.obj (.text:__aeabi_errno_addr)
                  000029a4    00000006     driverlib.lib : gpio.obj (.text:GPIOPinRead)
                  000029aa    00000006                   : gpio.obj (.text:GPIOPinWrite)
                  000029b0    00000006                   : sysctl.obj (.text:SysCtlDelay)
                  000029b6    00000004                   : uart.obj (.text:UARTIntClear)
                  000029ba    00000004     rtsv7M4_T_le_v4SPD16_eabi.lib : pre_init.c.obj (.text:_system_pre_init)
                  000029be    00000004                                   : exit.c.obj (.text:abort:abort)

.const     0    000029c4    00000200     
                  000029c4    00000101     rtsv7M4_T_le_v4SPD16_eabi.lib : ctype.c.obj (.const:.string:_ctypes_)
                  00002ac5    00000003     --HOLE-- [fill = 0]
                  00002ac8    00000090     driverlib.lib : gpio.obj (.const:g_pui32GPIOBaseAddrs)
                  00002b58    0000006c                   : sysctl.obj (.const:g_pui32Xtals)

.cinit     0    00002bc8    00000030     
                  00002bc8    0000000c     (__TI_handler_table)
                  00002bd4    00000004     --HOLE-- [fill = 0]
                  00002bd8    00000008     (.cinit..bss.load) [load image, compression = zero_init]
                  00002be0    00000007     (.cinit..data.load) [load image, compression = lzss]
                  00002be7    00000001     --HOLE-- [fill = 0]
                  00002be8    00000010     (__TI_cinit_table)

.init_array 
*          0    00000000    00000000     UNINITIALIZED

.bss       0    20000200    00000009     UNINITIALIZED
                  20000200    00000004     (.common:i)
                  20000204    00000001     (.common:available)
                  20000205    00000001     (.common:spot1)
                  20000206    00000001     (.common:spot2)
                  20000207    00000001     (.common:spot3)
                  20000208    00000001     (.common:spot4)

.data      0    2000020c    00000004     UNINITIALIZED
                  2000020c    00000004     rtsv7M4_T_le_v4SPD16_eabi.lib : errno.c.obj (.data)

.stack     0    20000000    00000200     UNINITIALIZED
                  20000000    00000004     rtsv7M4_T_le_v4SPD16_eabi.lib : boot_cortex_m.c.obj (.stack)
                  20000004    000001fc     --HOLE--

__llvm_prf_cnts 
*          0    20000000    00000000     UNINITIALIZED

MODULE SUMMARY

       Module                         code    ro data   rw data
       ------                         ----    -------   -------
    .\
       main.obj                       980     0         9      
       tm4c123gh6pm_startup_ccs.obj   12      620       0      
    +--+------------------------------+-------+---------+---------+
       Total:                         992     620       9      
                                                               
    C:/ti/TivaWare_C_Series-2.1.4.178/driverlib/ccs/Debug/driverlib.lib
       sysctl.obj                     630     108       0      
       gpio.obj                       492     144       0      
       uart.obj                       168     0         0      
       systick.obj                    56      0         0      
       interrupt.obj                  16      0         0      
       cpu.obj                        12      0         0      
    +--+------------------------------+-------+---------+---------+
       Total:                         1374    252       0      
                                                               
    C:\ti\ccs1250\ccs\tools\compiler\ti-cgt-arm_20.2.7.LTS\lib\rtsv7M4_T_le_v4SPD16_eabi.lib
       _printfi.c.obj                 4851    0         0      
       fd_add_t2.asm.obj              438     0         0      
       fd_div_t2.asm.obj              310     0         0      
       s_scalbn.c.obj                 272     0         0      
       fd_cmp_t2.asm.obj              268     0         0      
       ctype.c.obj                    0       257       0      
       fd_mul_t2.asm.obj              252     0         0      
       memcpy_t2.asm.obj              156     0         0      
       ull_div_t2.asm.obj             150     0         0      
       memset_t2.asm.obj              122     0         0      
       copy_decompress_lzss.c.obj     104     0         0      
       s_frexp.c.obj                  100     0         0      
       sprintf.c.obj                  98      0         0      
       _ltoa.c.obj                    84      0         0      
       atoi.c.obj                     76      0         0      
       fd_toi_t2.asm.obj              72      0         0      
       autoinit.c.obj                 68      0         0      
       boot_cortex_m.c.obj            52      0         0      
       i_tofd_t2.asm.obj              46      0         0      
       copy_zero_init.c.obj           28      0         0      
       memccpy.c.obj                  28      0         0      
       s_copysign.c.obj               26      0         0      
       strchr.c.obj                   22      0         0      
       strlen.c.obj                   20      0         0      
       wcslen.c.obj                   18      0         0      
       copy_decompress_none.c.obj     14      0         0      
       errno.c.obj                    8       0         4      
       exit.c.obj                     4       0         0      
       pre_init.c.obj                 4       0         0      
       div0.asm.obj                   2       0         0      
    +--+------------------------------+-------+---------+---------+
       Total:                         7693    257       4      
                                                               
       Stack:                         0       0         512    
       Linker Generated:              0       43        0      
    +--+------------------------------+-------+---------+---------+
       Grand Total:                   10059   1172      525    


LINKER GENERATED COPY TABLES

__TI_cinit_table @ 00002be8 records: 2, size/record: 8, table size: 16
	.bss: load addr=00002bd8, load size=00000008 bytes, run addr=20000200, run size=00000009 bytes, compression=zero_init
	.data: load addr=00002be0, load size=00000007 bytes, run addr=2000020c, run size=00000004 bytes, compression=lzss


LINKER GENERATED HANDLER TABLE

__TI_handler_table @ 00002bc8 records: 3, size/record: 4, table size: 12
	index: 0, handler: __TI_decompress_lzss
	index: 1, handler: __TI_decompress_none
	index: 2, handler: __TI_zero_init


GLOBAL SYMBOLS: SORTED ALPHABETICALLY BY Name 

address   name                          
-------   ----                          
000029bf  C$$EXIT                       
00002979  CPUcpsie                      
000027b7  GPIODirModeSet                
000018fb  GPIOPadConfigSet              
0000254d  GPIOPinConfigure              
000029a5  GPIOPinRead                   
000028e9  GPIOPinTypeGPIOInput          
00002853  GPIOPinTypeGPIOOutput         
000028fb  GPIOPinTypeUART               
000029ab  GPIOPinWrite                  
0000291f  IntMasterEnable               
00002985  ResetISR                      
00001b51  SysCtlClockGet                
00001e6d  SysCtlClockSet                
000029b1  SysCtlDelay                   
00002721  SysCtlPeripheralEnable        
000026e9  SysCtlPeripheralReady         
00002899  SysTickDisable                
000028ad  SysTickEnable                 
00002931  SysTickPeriodSet              
00000f17  UART0IntHandler               
00000f89  UART0_SendInteger             
00000f65  UART0_SendString              
00000f43  UART1IntHandler               
00000fcd  UART1_SendInteger             
00000fa9  UART1_SendString              
00002941  UARTCharGetNonBlocking        
0000294f  UARTCharPutNonBlocking        
0000295d  UARTCharsAvail                
000025dd  UARTConfigSetExpClk           
000027e1  UARTDisable                   
000028c1  UARTEnable                    
000029b7  UARTIntClear                  
20000200  __STACK_END                   
00000200  __STACK_SIZE                  
20000200  __STACK_TOP                   
00002be8  __TI_CINIT_Base               
00002bf8  __TI_CINIT_Limit              
00002bc8  __TI_Handler_Table_Base       
00002bd4  __TI_Handler_Table_Limit      
00002625  __TI_auto_init_nobinit_nopinit
00002339  __TI_decompress_lzss          
0000296b  __TI_decompress_none          
0000245b  __TI_ltoa                     
ffffffff  __TI_pprof_out_hndl           
0000026d  __TI_printfi                  
ffffffff  __TI_prof_data_size           
ffffffff  __TI_prof_data_start          
00000000  __TI_static_base__            
00002801  __TI_zero_init_nomemset       
00002145  __aeabi_cdcmpeq               
00002145  __aeabi_cdcmple               
000021cb  __aeabi_cdrcmple              
00002595  __aeabi_d2iz                  
000014db  __aeabi_dadd                  
000017c5  __aeabi_ddiv                  
00001d71  __aeabi_dmul                  
000014d1  __aeabi_dsub                  
0000299d  __aeabi_errno_addr            
00002789  __aeabi_i2d                   
00000cbb  __aeabi_idiv0                 
00000cbb  __aeabi_ldiv0                 
00002251  __aeabi_memclr                
00002251  __aeabi_memclr4               
00002251  __aeabi_memclr8               
00002013  __aeabi_memcpy                
00002013  __aeabi_memcpy4               
00002013  __aeabi_memcpy8               
00002253  __aeabi_memset                
00002253  __aeabi_memset4               
00002253  __aeabi_memset8               
000020af  __aeabi_uldivmod              
ffffffff  __binit__                     
ffffffff  __c_args__                    
UNDEFED   __mpu_init                    
20000000  __stack                       
20000000  __start___llvm_prf_cnts       
20000000  __stop___llvm_prf_cnts        
00002755  _c_int00_noargs               
000029c4  _ctypes_                      
UNDEFED   _system_post_cinit            
000029bb  _system_pre_init              
000029bf  abort                         
00002501  atoi                          
20000204  available                     
ffffffff  binit                         
00002839  copysign                      
00002839  copysignl                     
00000ff5  delay                         
00001021  delay1ms                      
2000020c  errno                         
000023a1  frexp                         
000023a1  frexpl                        
00000000  g_pfnVectors                  
20000200  i                             
00001c61  ldexp                         
00001c61  ldexpl                        
00000cbd  main                          
0000281d  memccpy                       
00002013  memcpy                        
00002259  memset                        
00001c61  scalbn                        
00001c61  scalbnl                       
00000e25  setup                         
00000ea5  setupUART0                    
00000edf  setupUART1                    
20000205  spot1                         
20000206  spot2                         
20000207  spot3                         
20000208  spot4                         
00002669  sprintf                       
00002883  strchr                        
000028d5  strlen                        
0000290d  wcslen                        


GLOBAL SYMBOLS: SORTED BY Symbol Address 

address   name                          
-------   ----                          
00000000  __TI_static_base__            
00000000  g_pfnVectors                  
00000200  __STACK_SIZE                  
0000026d  __TI_printfi                  
00000cbb  __aeabi_idiv0                 
00000cbb  __aeabi_ldiv0                 
00000cbd  main                          
00000e25  setup                         
00000ea5  setupUART0                    
00000edf  setupUART1                    
00000f17  UART0IntHandler               
00000f43  UART1IntHandler               
00000f65  UART0_SendString              
00000f89  UART0_SendInteger             
00000fa9  UART1_SendString              
00000fcd  UART1_SendInteger             
00000ff5  delay                         
00001021  delay1ms                      
000014d1  __aeabi_dsub                  
000014db  __aeabi_dadd                  
000017c5  __aeabi_ddiv                  
000018fb  GPIOPadConfigSet              
00001b51  SysCtlClockGet                
00001c61  ldexp                         
00001c61  ldexpl                        
00001c61  scalbn                        
00001c61  scalbnl                       
00001d71  __aeabi_dmul                  
00001e6d  SysCtlClockSet                
00002013  __aeabi_memcpy                
00002013  __aeabi_memcpy4               
00002013  __aeabi_memcpy8               
00002013  memcpy                        
000020af  __aeabi_uldivmod              
00002145  __aeabi_cdcmpeq               
00002145  __aeabi_cdcmple               
000021cb  __aeabi_cdrcmple              
00002251  __aeabi_memclr                
00002251  __aeabi_memclr4               
00002251  __aeabi_memclr8               
00002253  __aeabi_memset                
00002253  __aeabi_memset4               
00002253  __aeabi_memset8               
00002259  memset                        
00002339  __TI_decompress_lzss          
000023a1  frexp                         
000023a1  frexpl                        
0000245b  __TI_ltoa                     
00002501  atoi                          
0000254d  GPIOPinConfigure              
00002595  __aeabi_d2iz                  
000025dd  UARTConfigSetExpClk           
00002625  __TI_auto_init_nobinit_nopinit
00002669  sprintf                       
000026e9  SysCtlPeripheralReady         
00002721  SysCtlPeripheralEnable        
00002755  _c_int00_noargs               
00002789  __aeabi_i2d                   
000027b7  GPIODirModeSet                
000027e1  UARTDisable                   
00002801  __TI_zero_init_nomemset       
0000281d  memccpy                       
00002839  copysign                      
00002839  copysignl                     
00002853  GPIOPinTypeGPIOOutput         
00002883  strchr                        
00002899  SysTickDisable                
000028ad  SysTickEnable                 
000028c1  UARTEnable                    
000028d5  strlen                        
000028e9  GPIOPinTypeGPIOInput          
000028fb  GPIOPinTypeUART               
0000290d  wcslen                        
0000291f  IntMasterEnable               
00002931  SysTickPeriodSet              
00002941  UARTCharGetNonBlocking        
0000294f  UARTCharPutNonBlocking        
0000295d  UARTCharsAvail                
0000296b  __TI_decompress_none          
00002979  CPUcpsie                      
00002985  ResetISR                      
0000299d  __aeabi_errno_addr            
000029a5  GPIOPinRead                   
000029ab  GPIOPinWrite                  
000029b1  SysCtlDelay                   
000029b7  UARTIntClear                  
000029bb  _system_pre_init              
000029bf  C$$EXIT                       
000029bf  abort                         
000029c4  _ctypes_                      
00002bc8  __TI_Handler_Table_Base       
00002bd4  __TI_Handler_Table_Limit      
00002be8  __TI_CINIT_Base               
00002bf8  __TI_CINIT_Limit              
20000000  __stack                       
20000000  __start___llvm_prf_cnts       
20000000  __stop___llvm_prf_cnts        
20000200  __STACK_END                   
20000200  __STACK_TOP                   
20000200  i                             
20000204  available                     
20000205  spot1                         
20000206  spot2                         
20000207  spot3                         
20000208  spot4                         
2000020c  errno                         
ffffffff  __TI_pprof_out_hndl           
ffffffff  __TI_prof_data_size           
ffffffff  __TI_prof_data_start          
ffffffff  __binit__                     
ffffffff  __c_args__                    
ffffffff  binit                         
UNDEFED   __mpu_init                    
UNDEFED   _system_post_cinit            

[114 symbols]
